================================================================================
Script 04.5: Plot Intermediate Figures
  R² FILTERED MODE: Filtering by r_squared >= 0.05
  Creating r_squared mapping files...
  ✓ Global categories passing threshold: 80
  ✓ Environment categories passing threshold: 244
================================================================================

================================================================================
Script 04: Environment-Specific Scaling & Z-Score Figures
================================================================================

Loading Script 04 data...
  ✓ Filtered to 581 env×category combinations with r² >= 0.05
  ✓ (244 unique categories, 80 in global)
  ✓ Recomputing Z-scores from filtered data...
  ✓ Recomputed 289 Z-scores and 67 category summaries
  ✓ Saved recomputed Z-scores: rsqfiltered_env_vs_global_Z_scores_reactions.tsv
  ✓ Saved recomputed category Z-scores: rsqfiltered_category_Z_summary_reactions.tsv
  ✓ Loaded data: 581 env×category fits, 289 Z-scores, 67 categories

Generating Fig 5A: Heatmap of Z_alpha with hierarchical clustering...
  ✓ Saved rsqfiltered_fig_05A_Z_alpha_heatmap_reactions.png and .pdf
  ✓ Fig 5A (with clustering) completed

Generating Fig 5B: Heatmap of Z_beta with hierarchical clustering...
  ✓ Saved rsqfiltered_fig_05B_Z_beta_heatmap_reactions.png and .pdf
  ✓ Fig 5B (with clustering) completed

Generating Fig 5C: Distribution of |Z_alpha| per environment...
  ✓ Saved rsqfiltered_fig_05C_abs_Z_alpha_by_env_reactions.png and .pdf
  ✓ Fig 5C completed

Generating Fig 5D: Categories with |Z_alpha| > 2 per environment...
  ✓ Saved rsqfiltered_fig_05D_significant_categories_by_env_reactions.png and .pdf
  ✓ Fig 5D completed

Generating Fig 6A: Histogram of Z_alpha_category...
  ✓ Saved rsqfiltered_fig_06A_Z_alpha_category_histogram_reactions.png and .pdf
  ✓ Fig 6A completed

Generating Fig 6B: Histogram of Z_beta_category...
  ✓ Saved rsqfiltered_fig_06B_Z_beta_category_histogram_reactions.png and .pdf
  ✓ Fig 6B completed

Generating Fig 6C: Exception categories barplot...
  ✓ Saved rsqfiltered_fig_06C_exception_categories_reactions.png and .pdf
  ✓ Fig 6C completed

Generating Fig 7: Environment-stratified scaling scatterplots (top 20 categories)...
  ✓ Saved rsqfiltered_fig_07_env_stratified_scaling_reactions.png and .pdf
  ✓ Fig 7 (log scale) completed - showing top 20 categories
  ✓ Saved rsqfiltered_fig_07_env_stratified_scaling_linear_reactions.png and .pdf
  ✓ Fig 7 (linear scale) completed - showing top 20 categories

Script 04 figures completed!


================================================================================
Writing QC log...