================================================================================
Script 05: Map KEGG Labels - REACTIONS
================================================================================

Loading KEGG term IDs from master table...
  ✓ Loaded 485 reactions term IDs

Fetching KEGG information...
  Using cache: True

  Progress: 50/485 terms processed
  Progress: 100/485 terms processed
  Progress: 150/485 terms processed
  Progress: 200/485 terms processed
  Progress: 250/485 terms processed
  Progress: 300/485 terms processed
  Progress: 350/485 terms processed
  Progress: 400/485 terms processed
  Progress: 450/485 terms processed
  ✓ Processed 485 terms
  Terms not found: 0

Writing Outputs
--------------------------------------------------------------------------------
  ✓ kegg_term_labels_reactions.tsv: 485 terms