================================================================================
Script 05: Map KEGG Labels - KO
================================================================================

Loading KEGG term IDs from master table...
  ✓ Loaded 739 ko term IDs

Fetching KEGG information...
  Using cache: True

  Progress: 50/739 terms processed
  Progress: 100/739 terms processed
  Progress: 150/739 terms processed
  Progress: 200/739 terms processed
  Progress: 250/739 terms processed
  Progress: 300/739 terms processed
  Progress: 350/739 terms processed
  Progress: 400/739 terms processed
  Progress: 450/739 terms processed
  Progress: 500/739 terms processed
  Progress: 550/739 terms processed
  Progress: 600/739 terms processed
  Progress: 650/739 terms processed
  Progress: 700/739 terms processed
  ✓ Processed 739 terms
  Terms not found: 0

Writing Outputs
--------------------------------------------------------------------------------
  ✓ kegg_term_labels_ko.tsv: 739 terms